
> ds-visualizer@0.1.0 build
> next build

   Γû▓ Next.js 15.1.2

   Creating an optimized production build ...
node.exe : 
Failed to 
compile.
At C:\Program Fil
es\nodejs\npm.ps1
:29 char:3
+   & $NODE_EXE 
$NPM_CLI_JS $args
+   ~~~~~~~~~~~~~
~~~~~~~~~~~~~~~~
    + 
CategoryInfo     
     : 
NotSpecified: 
(Failed to 
compile.:String) 
[],     
RemoteException
    + FullyQualif
iedErrorId : Nati
veCommandError
 

./components/layo
ut/Navbar.tsx
Error:   
[31mx[0m 
Expression 
expected
   ,-[[36;1;4mD:
\o_jha\N\componen
ts\layout\Navbar.
tsx[0m:1:1]
 [2m1[0m |   },
   : [35;1m  
^[0m
 [2m2[0m | ];
 [2m3[0m | 
 [2m3[0m | 
const 
featureList: 
FeatureProps[] = 
[
   `----

Caused by:
    Syntax Error

Import trace for 
requested module:
./components/layo
ut/Navbar.tsx
./components/layo
ut/AppShell.tsx

./components/layo
ut/Sidebar.tsx
Error:   
[31mx[0m 
Expression 
expected
   ,-[[36;1;4mD:
\o_jha\N\componen
ts\layout\Sidebar
.tsx[0m:1:1]
 [2m1[0m |   },
   : [35;1m  
^[0m
 [2m2[0m | {
 [2m3[0m |   
title: 
"Curriculum",
 [2m3[0m |     
url: 
"/curriculum",
   `----

Caused by:
    Syntax Error

Import trace for 
requested module:
./components/layo
ut/Sidebar.tsx
./components/layo
ut/AppShell.tsx

./components/visu
alizer/avl-tree/a
vl-tree-visualize
r-enhanced.tsx
Module not 
found: Can't 
resolve '@/lib/al
gorithms/code-sni
ppets'

https://nextjs.or
g/docs/messages/m
odule-not-found

Import trace for 
requested module:
./app/visualizer/
avl-tree/page.tsx

./components/visu
alizer/binary-tre
e/binary-tree-vis
ualizer-enhanced.
tsx
Module not 
found: Can't 
resolve '@/lib/al
gorithms/code-sni
ppets'

https://nextjs.or
g/docs/messages/m
odule-not-found

Import trace for 
requested module:
./app/visualizer/
binary-tree/page.
tsx

./components/visu
alizer/dijkstra/d
ijkstra-visualize
r-enhanced.tsx
Module not 
found: Can't 
resolve '@/compon
ents/shared/markd
own-content'

https://nextjs.or
g/docs/messages/m
odule-not-found

Import trace for 
requested module:
./app/visualizer/
dijkstra/page.tsx


> Build failed 
because of 
webpack errors
